// Jest Snapshot v1, https://goo.gl/fbAQLP

exports[`Pruebas en AddBeerToFavsBtn.vue Debe hacer match con el snapshot 1`] = `
<span
  class="v-tooltip d-flex align-center v-tooltip--bottom"
>
  <!---->
  <button
    aria-expanded="false"
    aria-haspopup="true"
    data-test-id="heart-icon-button"
  >
    <i
      aria-hidden="true"
      class="v-icon notranslate fa fa fa fa-heart-circle-plus theme--light white--text"
      data-test-id="heart-icon"
      style="font-size: 20px;"
    />
  </button>
</span>
`;
