// Jest Snapshot v1, https://goo.gl/fbAQLP

exports[`Pruebas en BeerFavoritesModal.spec.js Debe hacer match con el snapshot 1`] = `
<div>
  <v-dialog-stub
    closedelay="0"
    contentclass=""
    maxwidth="400"
    opendelay="0"
    openonclick="true"
    origin="center center"
    overlayopacity="0.2"
    retainfocus="true"
    scrollable="true"
    transition="dialog-bottom-transition"
  >
     
    <v-card-stub
      loaderheight="4"
      tag="div"
    >
      <v-toolbar-stub
        color="deep-purple"
        dark="true"
        extensionheight="48"
        src=""
        tag="header"
      >
        <v-btn-stub
          activeclass=""
          dark="true"
          data-test-id="close-modal-btn"
          icon="true"
          tag="button"
          type="button"
        >
          <v-icon-stub
            small=""
          >
            fa fa-times
          </v-icon-stub>
        </v-btn-stub>
         
        <v-toolbar-title-stub
          tag="div"
        >
          <span>
            Cervezas favoritas (0)
          </span>
        </v-toolbar-title-stub>
         
        <v-spacer-stub
          tag="div"
        />
         
        <v-icon-stub
          small=""
        >
          fa-solid fa-heart-circle-check
        </v-icon-stub>
      </v-toolbar-stub>
       
      <v-card-text-stub
        class="pt-5"
        tag="div"
      >
        <v-alert-stub
          closeicon="$cancel"
          closelabel="$vuetify.close"
          color="deep-purple lighten-1"
          data-test-id="no-beers-message"
          icon=""
          tag="div"
          type="info"
          value="true"
        >
          
          No tienes cervezas favoritas por el momento.
        
        </v-alert-stub>
      </v-card-text-stub>
       
      <v-divider-stub />
       
      <v-card-actions-stub
        tag="div"
      >
        <v-spacer-stub
          tag="div"
        />
         
        <v-btn-stub
          activeclass=""
          color="deep-purple"
          data-test-id="reset-favorites-btn"
          depressed="true"
          disabled="true"
          tag="button"
          type="button"
        >
          <span
            class=""
          >
            Vac√≠ar
          </span>
           
          <v-icon-stub
            color="white"
            right=""
          >
            fa fa-eraser
          </v-icon-stub>
        </v-btn-stub>
         
        <v-btn-stub
          activeclass=""
          color="deep-purple"
          dark="true"
          data-test-id="close-modal-cerrar-btn"
          depressed="true"
          outlined="true"
          tag="button"
          type="button"
        >
          <span>
            Cerrar
          </span>
           
          <v-icon-stub
            right=""
          >
            fa fa-times
          </v-icon-stub>
        </v-btn-stub>
      </v-card-actions-stub>
    </v-card-stub>
  </v-dialog-stub>
</div>
`;
