// Jest Snapshot v1, https://goo.gl/fbAQLP

exports[`Pruebas en el componente SearchQuery.vue Debe hacer match con el snapshot 1`] = `
<div class="v-input theme--light v-text-field v-text-field--placeholder">
  <div class="v-input__prepend-outer">
    <div class="v-input__icon v-input__icon--prepend"><i aria-hidden="true" class="v-icon notranslate fa fa-solid fa-magnifying-glass theme--light"></i></div>
  </div>
  <div class="v-input__control">
    <div class="v-input__slot">
      <div class="v-text-field__slot"><input id="search-query-input" placeholder="BÃºsqueda de cerveza por nombre" type="text"></div>
    </div>
    <div class="v-text-field__details">
      <div class="v-messages theme--light">
        <transition-group-stub tag="div" name="message-transition" class="v-messages__wrapper"></transition-group-stub>
      </div>
    </div>
  </div>
</div>
`;
