// Jest Snapshot v1, https://goo.gl/fbAQLP

exports[`Pruebas en el componente HomeView.vue Debe hacer match con el snapshot 1`] = `
<v-app-stub id="app">
  <v-container-stub tag="div" class="text-center mt-5 body-1">
    <theheader-stub></theheader-stub>
    <thenavbar-stub></thenavbar-stub>
    <v-main-stub tag="main">
      <beerlist-stub></beerlist-stub>
    </v-main-stub>
    <pagination-stub></pagination-stub>
  </v-container-stub>
</v-app-stub>
`;
